// Vitest Snapshot v1, https://vitest.dev/guide/snapshot.html

exports[`AuthContext > matches snapshot 1`] = `
<DocumentFragment>
  <div>
    <button>
      Login
    </button>
    <button>
      Logout
    </button>
  </div>
</DocumentFragment>
`;
