// Vitest Snapshot v1, https://vitest.dev/guide/snapshot.html

exports[`MonsterDetailsModal > renders correctly and matches snapshot 1`] = `
<div
  aria-hidden="true"
/>
`;
