// Vitest Snapshot v1, https://vitest.dev/guide/snapshot.html

exports[`Review Component > renders review content correctly 1`] = `
<DocumentFragment>
  <div
    class="relative rounded mb-4 gap-6 flex flex-col w-full MuiBox-root css-163ijbm"
  >
    <button
      aria-label="Delete"
      class="MuiButtonBase-root MuiIconButton-root MuiIconButton-sizeMedium css-1jguzmj-MuiButtonBase-root-MuiIconButton-root"
      tabindex="0"
      type="button"
    >
      <svg
        fill="currentColor"
        height="30"
        stroke="currentColor"
        stroke-width="0"
        viewBox="0 0 24 24"
        width="30"
        xmlns="http://www.w3.org/2000/svg"
      >
        <path
          d="M0 0h24v24H0z"
          fill="none"
        />
        <path
          d="M6 19c0 1.1.9 2 2 2h8c1.1 0 2-.9 2-2V7H6v12zM19 4h-3.5l-1-1h-5l-1 1H5v2h14V4z"
        />
      </svg>
    </button>
    <button
      aria-label="Edit"
      class="MuiButtonBase-root MuiIconButton-root MuiIconButton-sizeMedium css-1w6nj3n-MuiButtonBase-root-MuiIconButton-root"
      tabindex="0"
      type="button"
    >
      <svg
        fill="currentColor"
        height="30"
        stroke="currentColor"
        stroke-width="0"
        viewBox="0 0 24 24"
        width="30"
        xmlns="http://www.w3.org/2000/svg"
      >
        <path
          d="M0 0h24v24H0z"
          fill="none"
        />
        <path
          d="M3 17.25V21h3.75L17.81 9.94l-3.75-3.75L3 17.25zM20.71 7.04a.996.996 0 0 0 0-1.41l-2.34-2.34a.996.996 0 0 0-1.41 0l-1.83 1.83 3.75 3.75 1.83-1.83z"
        />
      </svg>
    </button>
    <h4
      class="sub-header"
    >
      Test User
    </h4>
    <input
      data-testid="review-slider"
      disabled=""
      max="100"
      min="0"
      step="10"
      type="range"
      value="50"
    />
    <p
      class="text"
    >
      Difficulty: 50
    </p>
    <p
      class="text"
      style="word-wrap: break-word; overflow: hidden; text-overflow: ellipsis;"
    >
      This is a test review.
    </p>
  </div>
</DocumentFragment>
`;
